// Jest Snapshot v1, https://goo.gl/fbAQLP

exports[`Navbar Component Navbar is rendered correctly - snapshot 1`] = `
Object {
  "getByText": [Function],
}
`;
